// Jest Snapshot v1, https://goo.gl/fbAQLP

exports[`Header should match snapshot 1`] = `
<div
  className="header-container"
>
  <h1
    className="header-title"
  >
    enpsychlopedia
  </h1>
  <p
    className="sub-head"
  >
    A one stop shop to find information about your favorite psych rock bands by genre.
  </p>
</div>
`;
